// Vitest Snapshot v1, https://vitest.dev/guide/snapshot.html

exports[`MyCounter Component > should be tested 1`] = `
"<section>
  <h3>counter: 5</h3>
  <h3>Square: 25</h3>
  <div><button>+1</button><button>-1</button></div>
</section>"
`;
